Release 14.7 - xst P.20131013 (lin64)
Copyright (c) 1995-2013 Xilinx, Inc.  All rights reserved.
--> 
Parameter TMPDIR set to xst/projnav.tmp


Total REAL time to Xst completion: 0.00 secs
Total CPU time to Xst completion: 0.05 secs
 
--> 
Parameter xsthdpdir set to xst


Total REAL time to Xst completion: 0.00 secs
Total CPU time to Xst completion: 0.05 secs
 
--> 
Reading design: adder_8bit.prj

TABLE OF CONTENTS
  1) Synthesis Options Summary
  2) HDL Parsing
  3) HDL Elaboration
  4) HDL Synthesis
       4.1) HDL Synthesis Report
  5) Advanced HDL Synthesis
       5.1) Advanced HDL Synthesis Report
  6) Low Level Synthesis
  7) Partition Report
  8) Design Summary
       8.1) Primitive and Black Box Usage
       8.2) Device utilization summary
       8.3) Partition Resource Summary
       8.4) Timing Report
            8.4.1) Clock Information
            8.4.2) Asynchronous Control Signals Information
            8.4.3) Timing Summary
            8.4.4) Timing Details
            8.4.5) Cross Clock Domains Report


=========================================================================
*                      Synthesis Options Summary                        *
=========================================================================
---- Source Parameters
Input File Name                    : "adder_8bit.prj"
Ignore Synthesis Constraint File   : NO

---- Target Parameters
Output File Name                   : "adder_8bit"
Output Format                      : NGC
Target Device                      : xc7a100t-3-csg324

---- Source Options
Top Module Name                    : adder_8bit
Automatic FSM Extraction           : YES
FSM Encoding Algorithm             : Auto
Safe Implementation                : No
FSM Style                          : LUT
RAM Extraction                     : Yes
RAM Style                          : Auto
ROM Extraction                     : Yes
Shift Register Extraction          : YES
ROM Style                          : Auto
Resource Sharing                   : YES
Asynchronous To Synchronous        : NO
Shift Register Minimum Size        : 2
Use DSP Block                      : Auto
Automatic Register Balancing       : No

---- Target Options
LUT Combining                      : Auto
Reduce Control Sets                : Auto
Add IO Buffers                     : YES
Global Maximum Fanout              : 100000
Add Generic Clock Buffer(BUFG)     : 32
Register Duplication               : YES
Optimize Instantiated Primitives   : NO
Use Clock Enable                   : Auto
Use Synchronous Set                : Auto
Use Synchronous Reset              : Auto
Pack IO Registers into IOBs        : Auto
Equivalent register Removal        : YES

---- General Options
Optimization Goal                  : Speed
Optimization Effort                : 1
Power Reduction                    : NO
Keep Hierarchy                     : No
Netlist Hierarchy                  : As_Optimized
RTL Output                         : Yes
Global Optimization                : AllClockNets
Read Cores                         : YES
Write Timing Constraints           : NO
Cross Clock Analysis               : NO
Hierarchy Separator                : /
Bus Delimiter                      : <>
Case Specifier                     : Maintain
Slice Utilization Ratio            : 100
BRAM Utilization Ratio             : 100
DSP48 Utilization Ratio            : 100
Auto BRAM Packing                  : NO
Slice Utilization Ratio Delta      : 5

=========================================================================


=========================================================================
*                          HDL Parsing                                  *
=========================================================================
Parsing VHDL file "/home/ise/DesignCourse_asif/full-adder/full-adder-8bit/not-gate.vhd" into library work
Parsing entity <not_gate>.
Parsing architecture <Structural> of entity <not_gate>.
Parsing VHDL file "/home/ise/DesignCourse_asif/full-adder/full-adder-8bit/xor-gate.vhd" into library work
Parsing entity <xor_gate>.
Parsing architecture <Structural> of entity <xor_gate>.
Parsing VHDL file "/home/ise/DesignCourse_asif/full-adder/full-adder-8bit/and-gate.vhd" into library work
Parsing entity <and_gate>.
Parsing architecture <Structural> of entity <and_gate>.
Parsing VHDL file "/home/ise/DesignCourse_asif/full-adder/full-adder-8bit/or-gate.vhd" into library work
Parsing entity <or_gate>.
Parsing architecture <Structural> of entity <or_gate>.
Parsing VHDL file "/home/ise/DesignCourse_asif/full-adder/full-adder-8bit/half-adder-circuit.vhd" into library work
Parsing entity <half_adder>.
Parsing architecture <Structural> of entity <half_adder>.
Parsing VHDL file "/home/ise/DesignCourse_asif/full-adder/full-adder-8bit/full-adder-1b.vhd" into library work
Parsing entity <full_adder>.
Parsing architecture <Structural> of entity <full_adder>.
Parsing VHDL file "/home/ise/DesignCourse_asif/full-adder/full-adder-8bit/low-nibble-4bit.vhd" into library work
Parsing entity <low_nibble_4bit>.
Parsing architecture <Structural> of entity <low_nibble_4bit>.
Parsing VHDL file "/home/ise/DesignCourse_asif/full-adder/full-adder-8bit/high-nibble-4bit.vhd" into library work
Parsing entity <high_nibble_4bit>.
Parsing architecture <Structural> of entity <high_nibble_4bit>.
Parsing VHDL file "/home/ise/DesignCourse_asif/full-adder/full-adder-8bit/full-adder-circuit-8bit.vhd" into library work
Parsing entity <adder_8bit>.
Parsing architecture <Structural> of entity <adder_8bit>.

=========================================================================
*                            HDL Elaboration                            *
=========================================================================

Elaborating entity <adder_8bit> (architecture <Structural>) from library <work>.

Elaborating entity <low_nibble_4bit> (architecture <Structural>) from library <work>.

Elaborating entity <full_adder> (architecture <Structural>) from library <work>.

Elaborating entity <half_adder> (architecture <Structural>) from library <work>.

Elaborating entity <xor_gate> (architecture <Structural>) from library <work>.
WARNING:HDLCompiler:89 - "/home/ise/DesignCourse_asif/full-adder/full-adder-8bit/xor-gate.vhd" Line 12: <nand_gate> remains a black-box since it has no binding entity.

Elaborating entity <and_gate> (architecture <Structural>) from library <work>.
WARNING:HDLCompiler:89 - "/home/ise/DesignCourse_asif/full-adder/full-adder-8bit/and-gate.vhd" Line 12: <nand_gate> remains a black-box since it has no binding entity.

Elaborating entity <not_gate> (architecture <Structural>) from library <work>.
WARNING:HDLCompiler:89 - "/home/ise/DesignCourse_asif/full-adder/full-adder-8bit/not-gate.vhd" Line 11: <nand_gate> remains a black-box since it has no binding entity.

Elaborating entity <or_gate> (architecture <Structural>) from library <work>.
WARNING:HDLCompiler:89 - "/home/ise/DesignCourse_asif/full-adder/full-adder-8bit/or-gate.vhd" Line 16: <nand_gate> remains a black-box since it has no binding entity.

Elaborating entity <high_nibble_4bit> (architecture <Structural>) from library <work>.

=========================================================================
*                           HDL Synthesis                               *
=========================================================================

Synthesizing Unit <adder_8bit>.
    Related source file is "/home/ise/DesignCourse_asif/full-adder/full-adder-8bit/full-adder-circuit-8bit.vhd".
    Summary:
	no macro.
Unit <adder_8bit> synthesized.

Synthesizing Unit <low_nibble_4bit>.
    Related source file is "/home/ise/DesignCourse_asif/full-adder/full-adder-8bit/low-nibble-4bit.vhd".
    Summary:
	no macro.
Unit <low_nibble_4bit> synthesized.

Synthesizing Unit <full_adder>.
    Related source file is "/home/ise/DesignCourse_asif/full-adder/full-adder-8bit/full-adder-1b.vhd".
    Summary:
	no macro.
Unit <full_adder> synthesized.

Synthesizing Unit <half_adder>.
    Related source file is "/home/ise/DesignCourse_asif/full-adder/full-adder-8bit/half-adder-circuit.vhd".
    Summary:
	no macro.
Unit <half_adder> synthesized.

Synthesizing Unit <xor_gate>.
    Related source file is "/home/ise/DesignCourse_asif/full-adder/full-adder-8bit/xor-gate.vhd".
    Summary:
	no macro.
Unit <xor_gate> synthesized.

Synthesizing Unit <and_gate>.
    Related source file is "/home/ise/DesignCourse_asif/full-adder/full-adder-8bit/and-gate.vhd".
    Summary:
	no macro.
Unit <and_gate> synthesized.

Synthesizing Unit <not_gate>.
    Related source file is "/home/ise/DesignCourse_asif/full-adder/full-adder-8bit/not-gate.vhd".
    Summary:
	no macro.
Unit <not_gate> synthesized.

Synthesizing Unit <or_gate>.
    Related source file is "/home/ise/DesignCourse_asif/full-adder/full-adder-8bit/or-gate.vhd".
    Summary:
	no macro.
Unit <or_gate> synthesized.

Synthesizing Unit <high_nibble_4bit>.
    Related source file is "/home/ise/DesignCourse_asif/full-adder/full-adder-8bit/high-nibble-4bit.vhd".
    Summary:
	no macro.
Unit <high_nibble_4bit> synthesized.

=========================================================================
HDL Synthesis Report

Found no macro
=========================================================================

=========================================================================
*                       Advanced HDL Synthesis                          *
=========================================================================

Reading core <nand_gate.ngc>.
Loading core <nand_gate> for timing and area information for instance <U1>.
Loading core <nand_gate> for timing and area information for instance <U2>.
Loading core <nand_gate> for timing and area information for instance <U3>.
Loading core <nand_gate> for timing and area information for instance <U4>.
Loading core <nand_gate> for timing and area information for instance <U1>.
Loading core <nand_gate> for timing and area information for instance <U1>.
Loading core <nand_gate> for timing and area information for instance <U3>.

=========================================================================
Advanced HDL Synthesis Report

Found no macro
=========================================================================

=========================================================================
*                         Low Level Synthesis                           *
=========================================================================

Optimizing unit <adder_8bit> ...

Mapping all equations...
Building and optimizing final netlist ...
Found area constraint ratio of 100 (+ 5) on block adder_8bit, actual ratio is 0.

Final Macro Processing ...

=========================================================================
Final Register Report

Found no macro
=========================================================================

=========================================================================
*                           Partition Report                            *
=========================================================================

Partition Implementation Status
-------------------------------

  No Partitions were found in this design.

-------------------------------

=========================================================================
*                            Design Summary                             *
=========================================================================

Top Level Output File Name         : adder_8bit.ngc

Primitive and Black Box Usage:
------------------------------
# BELS                             : 120
#      LUT2                        : 120
# IO Buffers                       : 360
#      IBUF                        : 240
#      OBUF                        : 120

Device utilization summary:
---------------------------

Selected Device : 7a100tcsg324-3 


Slice Logic Utilization: 
 Number of Slice LUTs:                  120  out of  63400     0%  
    Number used as Logic:               120  out of  63400     0%  

Slice Logic Distribution: 
 Number of LUT Flip Flop pairs used:    120
   Number with an unused Flip Flop:     120  out of    120   100%  
   Number with an unused LUT:             0  out of    120     0%  
   Number of fully used LUT-FF pairs:     0  out of    120     0%  
   Number of unique control sets:         0

IO Utilization: 
 Number of IOs:                          26
 Number of bonded IOBs:                   9  out of    210     4%  

Specific Feature Utilization:

---------------------------
Partition Resource Summary:
---------------------------

  No Partitions were found in this design.

---------------------------


=========================================================================
Timing Report

NOTE: THESE TIMING NUMBERS ARE ONLY A SYNTHESIS ESTIMATE.
      FOR ACCURATE TIMING INFORMATION PLEASE REFER TO THE TRACE REPORT
      GENERATED AFTER PLACE-and-ROUTE.

Clock Information:
------------------
No clock signals found in this design

Asynchronous Control Signals Information:
----------------------------------------
No asynchronous control signals found in this design

Timing Summary:
---------------
Speed Grade: -3

   Minimum period: No path found
   Minimum input arrival time before clock: No path found
   Maximum output required time after clock: No path found
   Maximum combinational path delay: 34.783ns

Timing Details:
---------------
All values displayed in nanoseconds (ns)

=========================================================================
Timing constraint: Default path analysis
  Total number of paths / destination ports: 1529039 / 9
-------------------------------------------------------------------------
Delay:               34.783ns (Levels of Logic = 140)
  Source:            A<0> (PAD)
  Destination:       COUT (PAD)

  Data Path: A<0> to COUT
                                Gate     Net
    Cell:in->out      fanout   Delay   Delay  Logical Name (Net Name)
    ----------------------------------------  ------------
     begin scope: 'LOW_NIBBLE/GEN_ADD[0].FA/U1/U1/U1:A'
     IBUF:I->O             1   0.001   0.379  A_IBUF (A_IBUF)
     LUT2:I0->O            1   0.097   0.279  Y1 (Y_OBUF)
     OBUF:I->O                 0.000          Y_OBUF (Y)
     end scope: 'LOW_NIBBLE/GEN_ADD[0].FA/U1/U1/U1:Y'
     begin scope: 'LOW_NIBBLE/GEN_ADD[0].FA/U1/U1/U2:B'
     IBUF:I->O             1   0.001   0.295  B_IBUF (B_IBUF)
     LUT2:I1->O            1   0.097   0.279  Y1 (Y_OBUF)
     OBUF:I->O                 0.000          Y_OBUF (Y)
     end scope: 'LOW_NIBBLE/GEN_ADD[0].FA/U1/U1/U2:Y'
     begin scope: 'LOW_NIBBLE/GEN_ADD[0].FA/U1/U1/U4:A'
     IBUF:I->O             1   0.001   0.379  A_IBUF (A_IBUF)
     LUT2:I0->O            1   0.097   0.279  Y1 (Y_OBUF)
     OBUF:I->O                 0.000          Y_OBUF (Y)
     end scope: 'LOW_NIBBLE/GEN_ADD[0].FA/U1/U1/U4:Y'
     begin scope: 'LOW_NIBBLE/GEN_ADD[0].FA/U2/U2/U1:A'
     IBUF:I->O             1   0.001   0.379  A_IBUF (A_IBUF)
     LUT2:I0->O            1   0.097   0.279  Y1 (Y_OBUF)
     OBUF:I->O                 0.000          Y_OBUF (Y)
     end scope: 'LOW_NIBBLE/GEN_ADD[0].FA/U2/U2/U1:Y'
     begin scope: 'LOW_NIBBLE/GEN_ADD[0].FA/U2/U2/U2/U1:A'
     IBUF:I->O             1   0.001   0.379  A_IBUF (A_IBUF)
     LUT2:I0->O            1   0.097   0.279  Y1 (Y_OBUF)
     OBUF:I->O                 0.000          Y_OBUF (Y)
     end scope: 'LOW_NIBBLE/GEN_ADD[0].FA/U2/U2/U2/U1:Y'
     begin scope: 'LOW_NIBBLE/GEN_ADD[0].FA/U3/U2/U1:A'
     IBUF:I->O             1   0.001   0.379  A_IBUF (A_IBUF)
     LUT2:I0->O            1   0.097   0.279  Y1 (Y_OBUF)
     OBUF:I->O                 0.000          Y_OBUF (Y)
     end scope: 'LOW_NIBBLE/GEN_ADD[0].FA/U3/U2/U1:Y'
     begin scope: 'LOW_NIBBLE/GEN_ADD[0].FA/U3/U3:B'
     IBUF:I->O             1   0.001   0.295  B_IBUF (B_IBUF)
     LUT2:I1->O            1   0.097   0.279  Y1 (Y_OBUF)
     OBUF:I->O                 0.000          Y_OBUF (Y)
     end scope: 'LOW_NIBBLE/GEN_ADD[0].FA/U3/U3:Y'
     begin scope: 'LOW_NIBBLE/GEN_ADD[1].FA/U2/U2/U1:B'
     IBUF:I->O             1   0.001   0.295  B_IBUF (B_IBUF)
     LUT2:I1->O            1   0.097   0.279  Y1 (Y_OBUF)
     OBUF:I->O                 0.000          Y_OBUF (Y)
     end scope: 'LOW_NIBBLE/GEN_ADD[1].FA/U2/U2/U1:Y'
     begin scope: 'LOW_NIBBLE/GEN_ADD[1].FA/U2/U2/U2/U1:A'
     IBUF:I->O             1   0.001   0.379  A_IBUF (A_IBUF)
     LUT2:I0->O            1   0.097   0.279  Y1 (Y_OBUF)
     OBUF:I->O                 0.000          Y_OBUF (Y)
     end scope: 'LOW_NIBBLE/GEN_ADD[1].FA/U2/U2/U2/U1:Y'
     begin scope: 'LOW_NIBBLE/GEN_ADD[1].FA/U3/U2/U1:A'
     IBUF:I->O             1   0.001   0.379  A_IBUF (A_IBUF)
     LUT2:I0->O            1   0.097   0.279  Y1 (Y_OBUF)
     OBUF:I->O                 0.000          Y_OBUF (Y)
     end scope: 'LOW_NIBBLE/GEN_ADD[1].FA/U3/U2/U1:Y'
     begin scope: 'LOW_NIBBLE/GEN_ADD[1].FA/U3/U3:B'
     IBUF:I->O             1   0.001   0.295  B_IBUF (B_IBUF)
     LUT2:I1->O            1   0.097   0.279  Y1 (Y_OBUF)
     OBUF:I->O                 0.000          Y_OBUF (Y)
     end scope: 'LOW_NIBBLE/GEN_ADD[1].FA/U3/U3:Y'
     begin scope: 'LOW_NIBBLE/GEN_ADD[2].FA/U2/U2/U1:B'
     IBUF:I->O             1   0.001   0.295  B_IBUF (B_IBUF)
     LUT2:I1->O            1   0.097   0.279  Y1 (Y_OBUF)
     OBUF:I->O                 0.000          Y_OBUF (Y)
     end scope: 'LOW_NIBBLE/GEN_ADD[2].FA/U2/U2/U1:Y'
     begin scope: 'LOW_NIBBLE/GEN_ADD[2].FA/U2/U2/U2/U1:A'
     IBUF:I->O             1   0.001   0.379  A_IBUF (A_IBUF)
     LUT2:I0->O            1   0.097   0.279  Y1 (Y_OBUF)
     OBUF:I->O                 0.000          Y_OBUF (Y)
     end scope: 'LOW_NIBBLE/GEN_ADD[2].FA/U2/U2/U2/U1:Y'
     begin scope: 'LOW_NIBBLE/GEN_ADD[2].FA/U3/U2/U1:A'
     IBUF:I->O             1   0.001   0.379  A_IBUF (A_IBUF)
     LUT2:I0->O            1   0.097   0.279  Y1 (Y_OBUF)
     OBUF:I->O                 0.000          Y_OBUF (Y)
     end scope: 'LOW_NIBBLE/GEN_ADD[2].FA/U3/U2/U1:Y'
     begin scope: 'LOW_NIBBLE/GEN_ADD[2].FA/U3/U3:B'
     IBUF:I->O             1   0.001   0.295  B_IBUF (B_IBUF)
     LUT2:I1->O            1   0.097   0.279  Y1 (Y_OBUF)
     OBUF:I->O                 0.000          Y_OBUF (Y)
     end scope: 'LOW_NIBBLE/GEN_ADD[2].FA/U3/U3:Y'
     begin scope: 'LOW_NIBBLE/GEN_ADD[3].FA/U2/U2/U1:B'
     IBUF:I->O             1   0.001   0.295  B_IBUF (B_IBUF)
     LUT2:I1->O            1   0.097   0.279  Y1 (Y_OBUF)
     OBUF:I->O                 0.000          Y_OBUF (Y)
     end scope: 'LOW_NIBBLE/GEN_ADD[3].FA/U2/U2/U1:Y'
     begin scope: 'LOW_NIBBLE/GEN_ADD[3].FA/U2/U2/U2/U1:A'
     IBUF:I->O             1   0.001   0.379  A_IBUF (A_IBUF)
     LUT2:I0->O            1   0.097   0.279  Y1 (Y_OBUF)
     OBUF:I->O                 0.000          Y_OBUF (Y)
     end scope: 'LOW_NIBBLE/GEN_ADD[3].FA/U2/U2/U2/U1:Y'
     begin scope: 'LOW_NIBBLE/GEN_ADD[3].FA/U3/U2/U1:A'
     IBUF:I->O             1   0.001   0.379  A_IBUF (A_IBUF)
     LUT2:I0->O            1   0.097   0.279  Y1 (Y_OBUF)
     OBUF:I->O                 0.000          Y_OBUF (Y)
     end scope: 'LOW_NIBBLE/GEN_ADD[3].FA/U3/U2/U1:Y'
     begin scope: 'LOW_NIBBLE/GEN_ADD[3].FA/U3/U3:B'
     IBUF:I->O             1   0.001   0.295  B_IBUF (B_IBUF)
     LUT2:I1->O            1   0.097   0.279  Y1 (Y_OBUF)
     OBUF:I->O                 0.000          Y_OBUF (Y)
     end scope: 'LOW_NIBBLE/GEN_ADD[3].FA/U3/U3:Y'
     begin scope: 'HIGH_NIBBLE/GEN_ADD[0].FA/U2/U2/U1:B'
     IBUF:I->O             1   0.001   0.295  B_IBUF (B_IBUF)
     LUT2:I1->O            1   0.097   0.279  Y1 (Y_OBUF)
     OBUF:I->O                 0.000          Y_OBUF (Y)
     end scope: 'HIGH_NIBBLE/GEN_ADD[0].FA/U2/U2/U1:Y'
     begin scope: 'HIGH_NIBBLE/GEN_ADD[0].FA/U2/U2/U2/U1:A'
     IBUF:I->O             1   0.001   0.379  A_IBUF (A_IBUF)
     LUT2:I0->O            1   0.097   0.279  Y1 (Y_OBUF)
     OBUF:I->O                 0.000          Y_OBUF (Y)
     end scope: 'HIGH_NIBBLE/GEN_ADD[0].FA/U2/U2/U2/U1:Y'
     begin scope: 'HIGH_NIBBLE/GEN_ADD[0].FA/U3/U2/U1:A'
     IBUF:I->O             1   0.001   0.379  A_IBUF (A_IBUF)
     LUT2:I0->O            1   0.097   0.279  Y1 (Y_OBUF)
     OBUF:I->O                 0.000          Y_OBUF (Y)
     end scope: 'HIGH_NIBBLE/GEN_ADD[0].FA/U3/U2/U1:Y'
     begin scope: 'HIGH_NIBBLE/GEN_ADD[0].FA/U3/U3:B'
     IBUF:I->O             1   0.001   0.295  B_IBUF (B_IBUF)
     LUT2:I1->O            1   0.097   0.279  Y1 (Y_OBUF)
     OBUF:I->O                 0.000          Y_OBUF (Y)
     end scope: 'HIGH_NIBBLE/GEN_ADD[0].FA/U3/U3:Y'
     begin scope: 'HIGH_NIBBLE/GEN_ADD[1].FA/U2/U2/U1:B'
     IBUF:I->O             1   0.001   0.295  B_IBUF (B_IBUF)
     LUT2:I1->O            1   0.097   0.279  Y1 (Y_OBUF)
     OBUF:I->O                 0.000          Y_OBUF (Y)
     end scope: 'HIGH_NIBBLE/GEN_ADD[1].FA/U2/U2/U1:Y'
     begin scope: 'HIGH_NIBBLE/GEN_ADD[1].FA/U2/U2/U2/U1:A'
     IBUF:I->O             1   0.001   0.379  A_IBUF (A_IBUF)
     LUT2:I0->O            1   0.097   0.279  Y1 (Y_OBUF)
     OBUF:I->O                 0.000          Y_OBUF (Y)
     end scope: 'HIGH_NIBBLE/GEN_ADD[1].FA/U2/U2/U2/U1:Y'
     begin scope: 'HIGH_NIBBLE/GEN_ADD[1].FA/U3/U2/U1:A'
     IBUF:I->O             1   0.001   0.379  A_IBUF (A_IBUF)
     LUT2:I0->O            1   0.097   0.279  Y1 (Y_OBUF)
     OBUF:I->O                 0.000          Y_OBUF (Y)
     end scope: 'HIGH_NIBBLE/GEN_ADD[1].FA/U3/U2/U1:Y'
     begin scope: 'HIGH_NIBBLE/GEN_ADD[1].FA/U3/U3:B'
     IBUF:I->O             1   0.001   0.295  B_IBUF (B_IBUF)
     LUT2:I1->O            1   0.097   0.279  Y1 (Y_OBUF)
     OBUF:I->O                 0.000          Y_OBUF (Y)
     end scope: 'HIGH_NIBBLE/GEN_ADD[1].FA/U3/U3:Y'
     begin scope: 'HIGH_NIBBLE/GEN_ADD[2].FA/U2/U2/U1:B'
     IBUF:I->O             1   0.001   0.295  B_IBUF (B_IBUF)
     LUT2:I1->O            1   0.097   0.279  Y1 (Y_OBUF)
     OBUF:I->O                 0.000          Y_OBUF (Y)
     end scope: 'HIGH_NIBBLE/GEN_ADD[2].FA/U2/U2/U1:Y'
     begin scope: 'HIGH_NIBBLE/GEN_ADD[2].FA/U2/U2/U2/U1:A'
     IBUF:I->O             1   0.001   0.379  A_IBUF (A_IBUF)
     LUT2:I0->O            1   0.097   0.279  Y1 (Y_OBUF)
     OBUF:I->O                 0.000          Y_OBUF (Y)
     end scope: 'HIGH_NIBBLE/GEN_ADD[2].FA/U2/U2/U2/U1:Y'
     begin scope: 'HIGH_NIBBLE/GEN_ADD[2].FA/U3/U2/U1:A'
     IBUF:I->O             1   0.001   0.379  A_IBUF (A_IBUF)
     LUT2:I0->O            1   0.097   0.279  Y1 (Y_OBUF)
     OBUF:I->O                 0.000          Y_OBUF (Y)
     end scope: 'HIGH_NIBBLE/GEN_ADD[2].FA/U3/U2/U1:Y'
     begin scope: 'HIGH_NIBBLE/GEN_ADD[2].FA/U3/U3:B'
     IBUF:I->O             1   0.001   0.295  B_IBUF (B_IBUF)
     LUT2:I1->O            1   0.097   0.279  Y1 (Y_OBUF)
     OBUF:I->O                 0.000          Y_OBUF (Y)
     end scope: 'HIGH_NIBBLE/GEN_ADD[2].FA/U3/U3:Y'
     begin scope: 'HIGH_NIBBLE/GEN_ADD[3].FA/U2/U2/U1:B'
     IBUF:I->O             1   0.001   0.295  B_IBUF (B_IBUF)
     LUT2:I1->O            1   0.097   0.279  Y1 (Y_OBUF)
     OBUF:I->O                 0.000          Y_OBUF (Y)
     end scope: 'HIGH_NIBBLE/GEN_ADD[3].FA/U2/U2/U1:Y'
     begin scope: 'HIGH_NIBBLE/GEN_ADD[3].FA/U2/U2/U2/U1:A'
     IBUF:I->O             1   0.001   0.379  A_IBUF (A_IBUF)
     LUT2:I0->O            1   0.097   0.279  Y1 (Y_OBUF)
     OBUF:I->O                 0.000          Y_OBUF (Y)
     end scope: 'HIGH_NIBBLE/GEN_ADD[3].FA/U2/U2/U2/U1:Y'
     begin scope: 'HIGH_NIBBLE/GEN_ADD[3].FA/U3/U2/U1:A'
     IBUF:I->O             1   0.001   0.379  A_IBUF (A_IBUF)
     LUT2:I0->O            1   0.097   0.279  Y1 (Y_OBUF)
     OBUF:I->O                 0.000          Y_OBUF (Y)
     end scope: 'HIGH_NIBBLE/GEN_ADD[3].FA/U3/U2/U1:Y'
     begin scope: 'HIGH_NIBBLE/GEN_ADD[3].FA/U3/U3:B'
     IBUF:I->O             1   0.001   0.295  B_IBUF (B_IBUF)
     LUT2:I1->O            1   0.097   0.279  Y1 (Y_OBUF)
     OBUF:I->O                 0.000          Y_OBUF (Y)
     end scope: 'HIGH_NIBBLE/GEN_ADD[3].FA/U3/U3:Y'
    ----------------------------------------
    Total                     34.783ns (13.076ns logic, 21.707ns route)
                                       (37.6% logic, 62.4% route)

=========================================================================

Cross Clock Domains Report:
--------------------------

=========================================================================


Total REAL time to Xst completion: 17.00 secs
Total CPU time to Xst completion: 15.64 secs
 
--> 


Total memory usage is 594340 kilobytes

Number of errors   :    0 (   0 filtered)
Number of warnings :    4 (   0 filtered)
Number of infos    :    0 (   0 filtered)

