Command line:
   sr_latch_tb_isim_beh.exe
     -simmode  gui
     -simrunnum  0
     -socket  49593

Fri Sep 25 10:38:56 2026


 Elaboration Time: 0.16 sec

 Current Memory Usage: 215.261 Meg

 Total Signals          : 16
 Total Nets             : 6
 Total Signal Drivers   : 6
 Total Blocks           : 5
 Total Primitive Blocks : 3
 Total Processes        : 5
 Total Traceable Variables  : 8
 Total Scalar Nets and Variables : 366
Total Line Count : 23

 Total Simulation Time: 0.6 sec

 Current Memory Usage: 292.86 Meg

Fri Sep 25 10:52:03 2026

