Command line:
   nand_gate_tb_isim_beh.exe
     -simmode  gui
     -simrunnum  0
     -socket  39734

Thu Sep 24 05:56:52 2026


 Elaboration Time: 0.08 sec

 Current Memory Usage: 215.265 Meg

 Total Signals          : 6
 Total Nets             : 3
 Total Signal Drivers   : 3
 Total Blocks           : 3
 Total Primitive Blocks : 2
 Total Processes        : 2
 Total Traceable Variables  : 8
 Total Scalar Nets and Variables : 363
Total Line Count : 14

 Total Simulation Time: 0.09 sec

 Current Memory Usage: 292.864 Meg

Thu Sep 24 05:57:11 2026

