Command line:
   master_slave_ff_tb_isim_beh.exe
     -simmode  gui
     -simrunnum  0
     -socket  38576

Sat Sep 26 14:15:55 2026


 Elaboration Time: 0.06 sec

 Current Memory Usage: 215.273 Meg

 Total Signals          : 71
 Total Nets             : 17
 Total Signal Drivers   : 17
 Total Blocks           : 19
 Total Primitive Blocks : 11
 Total Processes        : 17
 Total Traceable Variables  : 8
 Total Scalar Nets and Variables : 377
Total Line Count : 28

 Total Simulation Time: 0.07 sec

 Current Memory Usage: 292.872 Meg

Sat Sep 26 14:16:34 2026

