Command line:
   register_1bit_tb_isim_beh.exe
     -simmode  gui
     -simrunnum  0
     -socket  54083

Fri Sep 25 14:03:41 2026


 Elaboration Time: 0.07 sec

 Current Memory Usage: 215.4 Meg

 Total Signals          : 80
 Total Nets             : 21
 Total Signal Drivers   : 21
 Total Blocks           : 20
 Total Primitive Blocks : 11
 Total Processes        : 19
 Total Traceable Variables  : 8
 Total Scalar Nets and Variables : 381
Total Line Count : 43

 Total Simulation Time: 0.13 sec

 Current Memory Usage: 292.999 Meg

Fri Sep 25 14:06:21 2026

